// Jest Snapshot v1, https://goo.gl/fbAQLP

exports[`Prueba de <Hello> 1`] = `
<h1>
  Hola mundo
</h1>
`;
